// Vitest Snapshot v1

exports[`mounts component 1`] = `
<div>
  <button
    class="bg-axo-orange text-slate-900 w-full rounded-3xl pointer m-1 text-2xl py-1 hover:bg-axo-pink transition !w-auto px-3 py-2 !rounded-none tooltip !m-0 block"
    data-text="Download as image"
  >
    
    <svg
      class="w-6 h-6"
      fill="none"
      stroke="currentColor"
      stroke-width="1.5"
      viewBox="0 0 24 24"
      xmlns="http://www.w3.org/2000/svg"
    >
      <path
        d="M2.25 15.75l5.159-5.159a2.25 2.25 0 013.182 0l5.159 5.159m-1.5-1.5l1.409-1.409a2.25 2.25 0 013.182 0l2.909 2.909m-18 3.75h16.5a1.5 1.5 0 001.5-1.5V6a1.5 1.5 0 00-1.5-1.5H3.75A1.5 1.5 0 002.25 6v12a1.5 1.5 0 001.5 1.5zm10.5-11.25h.008v.008h-.008V8.25zm.375 0a.375.375 0 11-.75 0 .375.375 0 01.75 0z"
        stroke-linecap="round"
        stroke-linejoin="round"
      />
    </svg>
    
  </button>
</div>
`;
